Initialized native services in: C:\Users\vinicius\.gradle\native
Initialized jansi services in: C:\Users\vinicius\.gradle\native
The client will now receive all logging from the daemon (pid: 8480). The daemon log file: C:\Users\vinicius\.gradle\daemon\9.3.0\daemon-8480.out.log
Starting 29th build in daemon [uptime: 2 hrs 25 mins 28.642 secs, performance: 100%, GC rate: 0.00/s, heap usage: 0% of 2 GiB]
Using 12 worker leases.
Operational build model parameters: {requiresToolingModels=false, parallelProjectExecution=false, configureOnDemand=false, configurationCache=false, configurationCacheParallelStore=false, configurationCacheParallelLoad=true, isolatedProjects=false, parallelProjectConfiguration=false, intermediateModelCache=false, parallelToolingApiActions=false, invalidateCoupledProjects=false, modelAsProjectDependency=false, resilientModelBuilding=false}
Now considering [C:\Users\vinicius\Desktop\spring-jwt-auth\backend] as hierarchies to watch
Watching the file system is configured to be enabled if available
File system watching is active
Starting Build
Settings evaluated using settings file 'C:\Users\vinicius\Desktop\spring-jwt-auth\backend\settings.gradle.kts'.
Projects loaded. Root project using build file 'C:\Users\vinicius\Desktop\spring-jwt-auth\backend\build.gradle.kts'.
Included projects: [root project 'spring-jwt-auth', project ':auth']

> Configure project :
Evaluating root project 'spring-jwt-auth' using build file 'C:\Users\vinicius\Desktop\spring-jwt-auth\backend\build.gradle.kts'.
Resolved plugin [id: 'org.gradle.java']
Resolved plugin [id: 'org.springframework.boot', version: '4.0.2', apply: false]
Resolved plugin [id: 'io.spring.dependency-management', version: '1.1.7', apply: false]

> Configure project :auth
Evaluating project ':auth' using build file 'C:\Users\vinicius\Desktop\spring-jwt-auth\backend\auth\build.gradle.kts'.
Resolved plugin [id: 'org.gradle.java']
Resolved plugin [id: 'org.springframework.boot', version: '4.0.2']
Resolved plugin [id: 'io.spring.dependency-management', version: '1.1.7']
Applying dependency management to configuration 'annotationProcessor' in project 'auth'
Applying dependency management to configuration 'apiElements' in project 'auth'
Applying dependency management to configuration 'archives' in project 'auth'
Applying dependency management to configuration 'bootArchives' in project 'auth'
Applying dependency management to configuration 'compileClasspath' in project 'auth'
Applying dependency management to configuration 'compileOnly' in project 'auth'
Applying dependency management to configuration 'default' in project 'auth'
Applying dependency management to configuration 'developmentOnly' in project 'auth'
Applying dependency management to configuration 'implementation' in project 'auth'
Applying dependency management to configuration 'mainSourceElements' in project 'auth'
Applying dependency management to configuration 'productionRuntimeClasspath' in project 'auth'
Applying dependency management to configuration 'runtimeClasspath' in project 'auth'
Applying dependency management to configuration 'runtimeElements' in project 'auth'
Applying dependency management to configuration 'runtimeOnly' in project 'auth'
Applying dependency management to configuration 'testAndDevelopmentOnly' in project 'auth'
Applying dependency management to configuration 'testAnnotationProcessor' in project 'auth'
Applying dependency management to configuration 'testCompileClasspath' in project 'auth'
Applying dependency management to configuration 'testCompileOnly' in project 'auth'
Applying dependency management to configuration 'testImplementation' in project 'auth'
Applying dependency management to configuration 'testResultsElementsForTest' in project 'auth'
Applying dependency management to configuration 'testRuntimeClasspath' in project 'auth'
Applying dependency management to configuration 'testRuntimeOnly' in project 'auth'
All projects evaluated.
Task path ':auth:test' matched project ':auth'
Task name matched 'test'
Selected primary task 'test' from project :auth
Resolving global dependency management for project 'auth'
Excluding []
Excluding []
Excluding []
Excluding []
Excluding []
Excluding []
Tasks to be executed: [task ':auth:compileJava', task ':auth:processResources', task ':auth:classes', task ':auth:compileTestJava', task ':auth:processTestResources', task ':auth:testClasses', task ':auth:test']
Tasks that were excluded: []
Resolve mutations for :auth:compileJava (Thread[#4445,Execution worker,5,main]) started.
:auth:compileJava (Thread[#4455,Execution worker Thread 11,5,main]) started.

> Task :auth:compileJava
Custom actions are attached to task ':auth:compileJava'.
Caching disabled for task ':auth:compileJava' because:
  Build cache is disabled
Task ':auth:compileJava' is not up-to-date because:
  Input property 'stableSources' file C:\Users\vinicius\Desktop\spring-jwt-auth\backend\auth\src\main\java\com\auth\api\controller\AuthController.java has changed.
  Input property 'stableSources' file C:\Users\vinicius\Desktop\spring-jwt-auth\backend\auth\src\main\java\com\auth\application\service\RefreshTokenService.java has changed.
  Input property 'stableSources' file C:\Users\vinicius\Desktop\spring-jwt-auth\backend\auth\src\main\java\com\auth\application\usecase\LoginUseCase.java has changed.
  and more...
Compilation mode: in-process compilation
Created classpath snapshot for incremental compilation in 0.015 secs.
Compiling with toolchain 'C:\Users\vinicius\AppData\Local\mise\installs\java\25.0.2'.
Compiling with JDK Java compiler API.
C:\Users\vinicius\Desktop\spring-jwt-auth\backend\auth\src\main\java\com\auth\domain\model\RefreshToken.java:53: warning: @Builder will ignore the initializing expression entirely. If you want the initializing expression to serve as default, add @Builder.Default. If it is not supposed to be settable during building, make the field final.
    private Integer version = 0;
                    ^
1 warning
Incremental compilation of 7 classes completed in 1.075 secs.
Class dependency analysis for incremental compilation took 0.012 secs.
Resolve mutations for :auth:processResources (Thread[#4455,Execution worker Thread 11,5,main]) started.
:auth:processResources (Thread[#4455,Execution worker Thread 11,5,main]) started.

> Task :auth:processResources UP-TO-DATE
Caching disabled for task ':auth:processResources' because:
  Build cache is disabled
  Not worth caching
Skipping task ':auth:processResources' as it is up-to-date.
Resolve mutations for :auth:classes (Thread[#4455,Execution worker Thread 11,5,main]) started.
:auth:classes (Thread[#4451,Execution worker Thread 7,5,main]) started.

> Task :auth:classes
Skipping task ':auth:classes' as it has no actions.
Resolve mutations for :auth:compileTestJava (Thread[#4451,Execution worker Thread 7,5,main]) started.
:auth:compileTestJava (Thread[#4451,Execution worker Thread 7,5,main]) started.

> Task :auth:compileTestJava
Custom actions are attached to task ':auth:compileTestJava'.
Caching disabled for task ':auth:compileTestJava' because:
  Build cache is disabled
Task ':auth:compileTestJava' is not up-to-date because:
  Input property 'classpath' file C:\Users\vinicius\Desktop\spring-jwt-auth\backend\auth\build\classes\java\main\com\auth\api\controller\AuthController.class has changed.
  Input property 'classpath' file C:\Users\vinicius\Desktop\spring-jwt-auth\backend\auth\build\classes\java\main\com\auth\application\service\RefreshTokenService.class has changed.
  Input property 'classpath' file C:\Users\vinicius\Desktop\spring-jwt-auth\backend\auth\build\classes\java\main\com\auth\application\usecase\LoginUseCase.class has changed.
  and more...
Compilation mode: in-process compilation
Created classpath snapshot for incremental compilation in 0.057 secs.
Compiling with toolchain 'C:\Users\vinicius\AppData\Local\mise\installs\java\25.0.2'.
Compiling with JDK Java compiler API.
Note: C:\Users\vinicius\Desktop\spring-jwt-auth\backend\auth\src\test\java\com\auth\e2e\AuthE2ETest.java uses unchecked or unsafe operations.
Note: Recompile with -Xlint:unchecked for details.
Incremental compilation of 6 classes completed in 0.825 secs.
Class dependency analysis for incremental compilation took 0.007 secs.
Resolve mutations for :auth:processTestResources (Thread[#4451,Execution worker Thread 7,5,main]) started.
:auth:processTestResources (Thread[#4451,Execution worker Thread 7,5,main]) started.

> Task :auth:processTestResources UP-TO-DATE
Caching disabled for task ':auth:processTestResources' because:
  Build cache is disabled
  Not worth caching
Skipping task ':auth:processTestResources' as it is up-to-date.
Resolve mutations for :auth:testClasses (Thread[#4451,Execution worker Thread 7,5,main]) started.
:auth:testClasses (Thread[#4451,Execution worker Thread 7,5,main]) started.

> Task :auth:testClasses
Skipping task ':auth:testClasses' as it has no actions.
Resolve mutations for :auth:test (Thread[#4451,Execution worker Thread 7,5,main]) started.
:auth:test (Thread[#4451,Execution worker Thread 7,5,main]) started.
Gradle Test Executor 11 started executing tests.

> Task :auth:test
Caching disabled for task ':auth:test' because:
  Build cache is disabled
Task ':auth:test' is not up-to-date because:
  One or more additional actions for task ':auth:test' have changed.
Starting process 'Gradle Test Executor 11'. Working directory: C:\Users\vinicius\Desktop\spring-jwt-auth\backend\auth Command: C:\Users\vinicius\AppData\Local\mise\installs\java\25.0.2\bin\java.exe -Dorg.gradle.internal.worker.tmpdir=C:\Users\vinicius\Desktop\spring-jwt-auth\backend\auth\build\tmp\test\work @C:\Users\vinicius\.gradle\.tmp\gradle-worker-classpath5091698280548733754txt -Xmx512m -Dfile.encoding=UTF-8 -Duser.country=BR -Duser.language=pt -Duser.variant -ea worker.org.gradle.process.internal.worker.GradleWorkerMain 'Gradle Test Executor 11'
Successfully started process 'Gradle Test Executor 11'

AuthApplicationTests STANDARD_OUT
    04:30:34.018 [Test worker] INFO org.springframework.test.context.support.AnnotationConfigContextLoaderUtils -- Could not detect default configuration classes for test class [com.auth.AuthApplicationTests]: AuthApplicationTests does not declare any static, non-private, non-final, nested classes annotated with @Configuration.
    04:30:34.131 [Test worker] INFO org.springframework.boot.test.context.SpringBootTestContextBootstrapper -- Found @SpringBootConfiguration com.auth.AuthApplication for test class com.auth.AuthApplicationTests

      .   ____          _            __ _ _
     /\\ / ___'_ __ _ _(_)_ __  __ _ \ \ \ \
    ( ( )\___ | '_ | '_| | '_ \/ _` | \ \ \ \
     \\/  ___)| |_)| | | | | || (_| |  ) ) ) )
      '  |____| .__|_| |_|_| |_\__, | / / / /
     =========|_|==============|___/=/_/_/_/

     :: Spring Boot ::                (v4.0.2)

    2026-03-01T04:30:34.493-03:00  INFO 12496 --- [auth] [    Test worker] com.auth.AuthApplicationTests            : Starting AuthApplicationTests using Java 25.0.2 with PID 12496 (started by vinicius in C:\Users\vinicius\Desktop\spring-jwt-auth\backend\auth)
    2026-03-01T04:30:34.495-03:00  INFO 12496 --- [auth] [    Test worker] com.auth.AuthApplicationTests            : The following 1 profile is active: "test"
    2026-03-01T04:30:35.499-03:00  INFO 12496 --- [auth] [    Test worker] .s.d.r.c.RepositoryConfigurationDelegate : Bootstrapping Spring Data JPA repositories in DEFAULT mode.
    2026-03-01T04:30:35.579-03:00  INFO 12496 --- [auth] [    Test worker] .s.d.r.c.RepositoryConfigurationDelegate : Finished Spring Data repository scanning in 69 ms. Found 3 JPA repository interfaces.
    2026-03-01T04:30:36.202-03:00  INFO 12496 --- [auth] [    Test worker] org.hibernate.orm.jpa                    : HHH008540: Processing PersistenceUnitInfo [name: default]
    2026-03-01T04:30:36.272-03:00  INFO 12496 --- [auth] [    Test worker] org.hibernate.orm.core                   : HHH000001: Hibernate ORM core version 7.2.1.Final
    2026-03-01T04:30:36.794-03:00  INFO 12496 --- [auth] [    Test worker] o.s.o.j.p.SpringPersistenceUnitInfo      : No LoadTimeWeaver setup: ignoring JPA class transformer
    2026-03-01T04:30:36.822-03:00  INFO 12496 --- [auth] [    Test worker] com.zaxxer.hikari.HikariDataSource       : HikariPool-1 - Starting...
    2026-03-01T04:30:37.069-03:00  INFO 12496 --- [auth] [    Test worker] com.zaxxer.hikari.pool.HikariPool        : HikariPool-1 - Added connection conn0: url=jdbc:h2:mem:testdb user=SA
    2026-03-01T04:30:37.072-03:00  INFO 12496 --- [auth] [    Test worker] com.zaxxer.hikari.HikariDataSource       : HikariPool-1 - Start completed.
    2026-03-01T04:30:37.103-03:00  WARN 12496 --- [auth] [    Test worker] org.hibernate.orm.deprecation            : HHH90000025: H2Dialect does not need to be specified explicitly using 'hibernate.dialect' (remove the property setting and it will be selected by default)
    2026-03-01T04:30:37.131-03:00  INFO 12496 --- [auth] [    Test worker] org.hibernate.orm.connections.pooling    : HHH10001005: Database info:
    	Database JDBC URL [jdbc:h2:mem:testdb]
    	Database driver: H2 JDBC Driver
    	Database dialect: H2Dialect
    	Database version: 2.4.240
    	Default catalog/schema: TESTDB/PUBLIC
    	Autocommit mode: undefined/unknown
    	Isolation level: READ_COMMITTED [default READ_COMMITTED]
    	JDBC fetch size: 100
    	Pool: DataSourceConnectionProvider
    	Minimum pool size: undefined/unknown
    	Maximum pool size: undefined/unknown
    2026-03-01T04:30:38.175-03:00  INFO 12496 --- [auth] [    Test worker] org.hibernate.orm.core                   : HHH000489: No JTA platform available (set 'hibernate.transaction.jta.platform' to enable JTA platform integration)
    2026-03-01T04:30:38.228-03:00  INFO 12496 --- [auth] [    Test worker] j.LocalContainerEntityManagerFactoryBean : Initialized JPA EntityManagerFactory for persistence unit 'default'
    2026-03-01T04:30:38.329-03:00  INFO 12496 --- [auth] [    Test worker] o.s.d.j.r.query.QueryEnhancerFactories   : Hibernate is in classpath; If applicable, HQL parser will be used.
    2026-03-01T04:30:38.572-03:00  INFO 12496 --- [auth] [    Test worker] eAuthenticationProviderManagerConfigurer : Global AuthenticationManager configured with AuthenticationProvider bean with name authenticationProvider
    2026-03-01T04:30:38.572-03:00  WARN 12496 --- [auth] [    Test worker] r$InitializeUserDetailsManagerConfigurer : Global AuthenticationManager configured with an AuthenticationProvider bean. UserDetailsService beans will not be used by Spring Security for automatically configuring username/password login. Consider removing the AuthenticationProvider bean. Alternatively, consider using the UserDetailsService in a manually instantiated DaoAuthenticationProvider. If the current configuration is intentional, to turn off this warning, increase the logging level of 'org.springframework.security.config.annotation.authentication.configuration.InitializeUserDetailsBeanManagerConfigurer' to ERROR
    2026-03-01T04:30:38.778-03:00  WARN 12496 --- [auth] [    Test worker] JpaBaseConfiguration$JpaWebConfiguration : spring.jpa.open-in-view is enabled by default. Therefore, database queries may be performed during view rendering. Explicitly configure spring.jpa.open-in-view to disable this warning
    2026-03-01T04:30:39.045-03:00  INFO 12496 --- [auth] [    Test worker] o.s.b.w.a.WelcomePageHandlerMapping      : Adding welcome page: class path resource [static/index.html]
    2026-03-01T04:30:39.523-03:00  INFO 12496 --- [auth] [    Test worker] com.auth.AuthApplicationTests            : Started AuthApplicationTests in 5.246 seconds (process running for 6.536)

AuthApplicationTests > contextLoads() STANDARD_ERROR
    Mockito is currently self-attaching to enable the inline-mock-maker. This will no longer work in future releases of the JDK. Please add Mockito as an agent to your build as described in Mockito's documentation: https://javadoc.io/doc/org.mockito/mockito-core/latest/org.mockito/org/mockito/Mockito.html#0.3
    WARNING: A Java agent has been loaded dynamically (C:\Users\vinicius\.gradle\caches\modules-2\files-2.1\net.bytebuddy\byte-buddy-agent\1.17.8\f09415827a71be7ed621c7bd02550678f28bc81c\byte-buddy-agent-1.17.8.jar)
    WARNING: If a serviceability tool is in use, please run with -XX:+EnableDynamicAgentLoading to hide this warning
    WARNING: If a serviceability tool is not in use, please run with -Djdk.instrument.traceUsage for more information
    WARNING: Dynamic loading of agents will be disallowed by default in a future release

OpenJDK 64-Bit Server VM warning: Sharing is only supported for boot loader classes because bootstrap classpath has been appended

> Task :auth:test

AuthControllerTest STANDARD_OUT
    2026-03-01T04:30:40.324-03:00  INFO 12496 --- [auth] [    Test worker] t.c.s.AnnotationConfigContextLoaderUtils : Could not detect default configuration classes for test class [com.auth.api.controller.AuthControllerTest]: AuthControllerTest does not declare any static, non-private, non-final, nested classes annotated with @Configuration.
    2026-03-01T04:30:40.345-03:00  INFO 12496 --- [auth] [    Test worker] .b.t.c.SpringBootTestContextBootstrapper : Found @SpringBootConfiguration com.auth.AuthApplication for test class com.auth.api.controller.AuthControllerTest

      .   ____          _            __ _ _
     /\\ / ___'_ __ _ _(_)_ __  __ _ \ \ \ \
    ( ( )\___ | '_ | '_| | '_ \/ _` | \ \ \ \
     \\/  ___)| |_)| | | | | || (_| |  ) ) ) )
      '  |____| .__|_| |_|_| |_\__, | / / / /
     =========|_|==============|___/=/_/_/_/

     :: Spring Boot ::                (v4.0.2)

    2026-03-01T04:30:40.373-03:00  INFO 12496 --- [auth] [    Test worker] c.a.api.controller.AuthControllerTest    : Starting AuthControllerTest using Java 25.0.2 with PID 12496 (started by vinicius in C:\Users\vinicius\Desktop\spring-jwt-auth\backend\auth)
    2026-03-01T04:30:40.374-03:00  INFO 12496 --- [auth] [    Test worker] c.a.api.controller.AuthControllerTest    : The following 1 profile is active: "test"
    2026-03-01T04:30:40.622-03:00  INFO 12496 --- [auth] [    Test worker] .s.d.r.c.RepositoryConfigurationDelegate : Bootstrapping Spring Data JPA repositories in DEFAULT mode.
    2026-03-01T04:30:40.658-03:00  INFO 12496 --- [auth] [    Test worker] .s.d.r.c.RepositoryConfigurationDelegate : Finished Spring Data repository scanning in 34 ms. Found 3 JPA repository interfaces.
    2026-03-01T04:30:41.003-03:00  INFO 12496 --- [auth] [    Test worker] org.hibernate.orm.jpa                    : HHH008540: Processing PersistenceUnitInfo [name: default]
    2026-03-01T04:30:41.041-03:00  INFO 12496 --- [auth] [    Test worker] o.s.o.j.p.SpringPersistenceUnitInfo      : No LoadTimeWeaver setup: ignoring JPA class transformer
    2026-03-01T04:30:41.042-03:00  INFO 12496 --- [auth] [    Test worker] com.zaxxer.hikari.HikariDataSource       : HikariPool-2 - Starting...
    2026-03-01T04:30:41.044-03:00  INFO 12496 --- [auth] [    Test worker] com.zaxxer.hikari.pool.HikariPool        : HikariPool-2 - Added connection conn10: url=jdbc:h2:mem:testdb user=SA
    2026-03-01T04:30:41.044-03:00  INFO 12496 --- [auth] [    Test worker] com.zaxxer.hikari.HikariDataSource       : HikariPool-2 - Start completed.
    2026-03-01T04:30:41.045-03:00  WARN 12496 --- [auth] [    Test worker] org.hibernate.orm.deprecation            : HHH90000025: H2Dialect does not need to be specified explicitly using 'hibernate.dialect' (remove the property setting and it will be selected by default)
    2026-03-01T04:30:41.045-03:00  INFO 12496 --- [auth] [    Test worker] org.hibernate.orm.connections.pooling    : HHH10001005: Database info:
    	Database JDBC URL [jdbc:h2:mem:testdb]
    	Database driver: H2 JDBC Driver
    	Database dialect: H2Dialect
    	Database version: 2.4.240
    	Default catalog/schema: TESTDB/PUBLIC
    	Autocommit mode: undefined/unknown
    	Isolation level: READ_COMMITTED [default READ_COMMITTED]
    	JDBC fetch size: 100
    	Pool: DataSourceConnectionProvider
    	Minimum pool size: undefined/unknown
    	Maximum pool size: undefined/unknown
    2026-03-01T04:30:41.120-03:00  INFO 12496 --- [auth] [    Test worker] org.hibernate.orm.core                   : HHH000489: No JTA platform available (set 'hibernate.transaction.jta.platform' to enable JTA platform integration)
    2026-03-01T04:30:41.131-03:00  INFO 12496 --- [auth] [    Test worker] j.LocalContainerEntityManagerFactoryBean : Initialized JPA EntityManagerFactory for persistence unit 'default'
    2026-03-01T04:30:41.277-03:00  WARN 12496 --- [auth] [    Test worker] JpaBaseConfiguration$JpaWebConfiguration : spring.jpa.open-in-view is enabled by default. Therefore, database queries may be performed during view rendering. Explicitly configure spring.jpa.open-in-view to disable this warning
    2026-03-01T04:30:41.328-03:00  INFO 12496 --- [auth] [    Test worker] eAuthenticationProviderManagerConfigurer : Global AuthenticationManager configured with AuthenticationProvider bean with name authenticationProvider
    2026-03-01T04:30:41.328-03:00  WARN 12496 --- [auth] [    Test worker] r$InitializeUserDetailsManagerConfigurer : Global AuthenticationManager configured with an AuthenticationProvider bean. UserDetailsService beans will not be used by Spring Security for automatically configuring username/password login. Consider removing the AuthenticationProvider bean. Alternatively, consider using the UserDetailsService in a manually instantiated DaoAuthenticationProvider. If the current configuration is intentional, to turn off this warning, increase the logging level of 'org.springframework.security.config.annotation.authentication.configuration.InitializeUserDetailsBeanManagerConfigurer' to ERROR
    2026-03-01T04:30:41.403-03:00  INFO 12496 --- [auth] [    Test worker] o.s.b.w.a.WelcomePageHandlerMapping      : Adding welcome page: class path resource [static/index.html]
    2026-03-01T04:30:41.561-03:00  INFO 12496 --- [auth] [    Test worker] c.a.api.controller.AuthControllerTest    : Started AuthControllerTest in 1.212 seconds (process running for 8.576)

AuthControllerTest > POST /v1/user/login - Deve retornar 200 e tokens STANDARD_OUT
    2026-03-01T04:30:41.659-03:00  INFO 12496 --- [auth] [    Test worker] o.s.b.t.m.w.SpringBootMockServletContext : Initializing Spring TestDispatcherServlet ''
    2026-03-01T04:30:41.659-03:00  INFO 12496 --- [auth] [    Test worker] o.s.t.web.servlet.TestDispatcherServlet  : Initializing Servlet ''
    2026-03-01T04:30:41.661-03:00  INFO 12496 --- [auth] [    Test worker] o.s.t.web.servlet.TestDispatcherServlet  : Completed initialization in 1 ms

AuthControllerTest > POST /v1/user/login - Deve retornar 400 se campos estiverem inv├ílidos STANDARD_OUT
    2026-03-01T04:30:42.002-03:00  INFO 12496 --- [auth] [    Test worker] o.s.b.t.m.w.SpringBootMockServletContext : Initializing Spring TestDispatcherServlet ''
    2026-03-01T04:30:42.002-03:00  INFO 12496 --- [auth] [    Test worker] o.s.t.web.servlet.TestDispatcherServlet  : Initializing Servlet ''
    2026-03-01T04:30:42.003-03:00  INFO 12496 --- [auth] [    Test worker] o.s.t.web.servlet.TestDispatcherServlet  : Completed initialization in 1 ms
    2026-03-01T04:30:42.013-03:00  WARN 12496 --- [auth] [    Test worker] c.a.i.e.handler.HttpExceptionHandler     : Erro de valida├º├úo em 2 campos: {password=A senha deve ter no m├¡nimo 6 caracteres, email=O e-mail deve ser v├ílido}

ListUsersControllerTest STANDARD_OUT
    2026-03-01T04:30:42.032-03:00  INFO 12496 --- [auth] [    Test worker] t.c.s.AnnotationConfigContextLoaderUtils : Could not detect default configuration classes for test class [com.auth.api.controller.ListUsersControllerTest]: ListUsersControllerTest does not declare any static, non-private, non-final, nested classes annotated with @Configuration.
    2026-03-01T04:30:42.033-03:00  INFO 12496 --- [auth] [    Test worker] .b.t.c.SpringBootTestContextBootstrapper : Found @SpringBootConfiguration com.auth.AuthApplication for test class com.auth.api.controller.ListUsersControllerTest

      .   ____          _            __ _ _
     /\\ / ___'_ __ _ _(_)_ __  __ _ \ \ \ \
    ( ( )\___ | '_ | '_| | '_ \/ _` | \ \ \ \
     \\/  ___)| |_)| | | | | || (_| |  ) ) ) )
      '  |____| .__|_| |_|_| |_\__, | / / / /
     =========|_|==============|___/=/_/_/_/

     :: Spring Boot ::                (v4.0.2)

    2026-03-01T04:30:42.062-03:00  INFO 12496 --- [auth] [    Test worker] c.a.a.c.ListUsersControllerTest          : Starting ListUsersControllerTest using Java 25.0.2 with PID 12496 (started by vinicius in C:\Users\vinicius\Desktop\spring-jwt-auth\backend\auth)
    2026-03-01T04:30:42.062-03:00  INFO 12496 --- [auth] [    Test worker] c.a.a.c.ListUsersControllerTest          : The following 1 profile is active: "test"
    2026-03-01T04:30:42.326-03:00  INFO 12496 --- [auth] [    Test worker] .s.d.r.c.RepositoryConfigurationDelegate : Bootstrapping Spring Data JPA repositories in DEFAULT mode.
    2026-03-01T04:30:42.359-03:00  INFO 12496 --- [auth] [    Test worker] .s.d.r.c.RepositoryConfigurationDelegate : Finished Spring Data repository scanning in 31 ms. Found 3 JPA repository interfaces.
    2026-03-01T04:30:42.478-03:00  INFO 12496 --- [auth] [    Test worker] org.hibernate.orm.jpa                    : HHH008540: Processing PersistenceUnitInfo [name: default]
    2026-03-01T04:30:42.500-03:00  INFO 12496 --- [auth] [    Test worker] o.s.o.j.p.SpringPersistenceUnitInfo      : No LoadTimeWeaver setup: ignoring JPA class transformer
    2026-03-01T04:30:42.500-03:00  INFO 12496 --- [auth] [    Test worker] com.zaxxer.hikari.HikariDataSource       : HikariPool-3 - Starting...
    2026-03-01T04:30:42.503-03:00  INFO 12496 --- [auth] [    Test worker] com.zaxxer.hikari.pool.HikariPool        : HikariPool-3 - Added connection conn20: url=jdbc:h2:mem:testdb user=SA
    2026-03-01T04:30:42.503-03:00  INFO 12496 --- [auth] [    Test worker] com.zaxxer.hikari.HikariDataSource       : HikariPool-3 - Start completed.
    2026-03-01T04:30:42.503-03:00  WARN 12496 --- [auth] [    Test worker] org.hibernate.orm.deprecation            : HHH90000025: H2Dialect does not need to be specified explicitly using 'hibernate.dialect' (remove the property setting and it will be selected by default)
    2026-03-01T04:30:42.504-03:00  INFO 12496 --- [auth] [    Test worker] org.hibernate.orm.connections.pooling    : HHH10001005: Database info:
    	Database JDBC URL [jdbc:h2:mem:testdb]
    	Database driver: H2 JDBC Driver
    	Database dialect: H2Dialect
    	Database version: 2.4.240
    	Default catalog/schema: TESTDB/PUBLIC
    	Autocommit mode: undefined/unknown
    	Isolation level: READ_COMMITTED [default READ_COMMITTED]
    	JDBC fetch size: 100
    	Pool: DataSourceConnectionProvider
    	Minimum pool size: undefined/unknown
    	Maximum pool size: undefined/unknown
    2026-03-01T04:30:42.557-03:00  INFO 12496 --- [auth] [    Test worker] org.hibernate.orm.core                   : HHH000489: No JTA platform available (set 'hibernate.transaction.jta.platform' to enable JTA platform integration)
    2026-03-01T04:30:42.568-03:00  INFO 12496 --- [auth] [    Test worker] j.LocalContainerEntityManagerFactoryBean : Initialized JPA EntityManagerFactory for persistence unit 'default'
    2026-03-01T04:30:42.599-03:00  INFO 12496 --- [auth] [    Test worker] eAuthenticationProviderManagerConfigurer : Global AuthenticationManager configured with AuthenticationProvider bean with name authenticationProvider
    2026-03-01T04:30:42.599-03:00  WARN 12496 --- [auth] [    Test worker] r$InitializeUserDetailsManagerConfigurer : Global AuthenticationManager configured with an AuthenticationProvider bean. UserDetailsService beans will not be used by Spring Security for automatically configuring username/password login. Consider removing the AuthenticationProvider bean. Alternatively, consider using the UserDetailsService in a manually instantiated DaoAuthenticationProvider. If the current configuration is intentional, to turn off this warning, increase the logging level of 'org.springframework.security.config.annotation.authentication.configuration.InitializeUserDetailsBeanManagerConfigurer' to ERROR
    2026-03-01T04:30:42.629-03:00  WARN 12496 --- [auth] [    Test worker] JpaBaseConfiguration$JpaWebConfiguration : spring.jpa.open-in-view is enabled by default. Therefore, database queries may be performed during view rendering. Explicitly configure spring.jpa.open-in-view to disable this warning
    2026-03-01T04:30:42.687-03:00  INFO 12496 --- [auth] [    Test worker] o.s.b.w.a.WelcomePageHandlerMapping      : Adding welcome page: class path resource [static/index.html]
    2026-03-01T04:30:42.776-03:00  INFO 12496 --- [auth] [    Test worker] c.a.a.c.ListUsersControllerTest          : Started ListUsersControllerTest in 0.739 seconds (process running for 9.79)

ListUsersControllerTest > Deve retornar 200 e lista paginada de usu├írios STANDARD_OUT
    2026-03-01T04:30:42.852-03:00  INFO 12496 --- [auth] [    Test worker] o.s.b.t.m.w.SpringBootMockServletContext : Initializing Spring TestDispatcherServlet ''
    2026-03-01T04:30:42.852-03:00  INFO 12496 --- [auth] [    Test worker] o.s.t.web.servlet.TestDispatcherServlet  : Initializing Servlet ''
    2026-03-01T04:30:42.853-03:00  INFO 12496 --- [auth] [    Test worker] o.s.t.web.servlet.TestDispatcherServlet  : Completed initialization in 1 ms

PasswordControllerTest STANDARD_OUT
    2026-03-01T04:30:42.875-03:00  INFO 12496 --- [auth] [    Test worker] t.c.s.AnnotationConfigContextLoaderUtils : Could not detect default configuration classes for test class [com.auth.api.controller.PasswordControllerTest]: PasswordControllerTest does not declare any static, non-private, non-final, nested classes annotated with @Configuration.
    2026-03-01T04:30:42.877-03:00  INFO 12496 --- [auth] [    Test worker] .b.t.c.SpringBootTestContextBootstrapper : Found @SpringBootConfiguration com.auth.AuthApplication for test class com.auth.api.controller.PasswordControllerTest

      .   ____          _            __ _ _
     /\\ / ___'_ __ _ _(_)_ __  __ _ \ \ \ \
    ( ( )\___ | '_ | '_| | '_ \/ _` | \ \ \ \
     \\/  ___)| |_)| | | | | || (_| |  ) ) ) )
      '  |____| .__|_| |_|_| |_\__, | / / / /
     =========|_|==============|___/=/_/_/_/

     :: Spring Boot ::                (v4.0.2)

    2026-03-01T04:30:42.899-03:00  INFO 12496 --- [auth] [    Test worker] c.a.a.controller.PasswordControllerTest  : Starting PasswordControllerTest using Java 25.0.2 with PID 12496 (started by vinicius in C:\Users\vinicius\Desktop\spring-jwt-auth\backend\auth)
    2026-03-01T04:30:42.901-03:00  INFO 12496 --- [auth] [    Test worker] c.a.a.controller.PasswordControllerTest  : The following 1 profile is active: "test"
    2026-03-01T04:30:43.125-03:00  INFO 12496 --- [auth] [    Test worker] .s.d.r.c.RepositoryConfigurationDelegate : Bootstrapping Spring Data JPA repositories in DEFAULT mode.
    2026-03-01T04:30:43.155-03:00  INFO 12496 --- [auth] [    Test worker] .s.d.r.c.RepositoryConfigurationDelegate : Finished Spring Data repository scanning in 28 ms. Found 3 JPA repository interfaces.
    2026-03-01T04:30:43.260-03:00  INFO 12496 --- [auth] [    Test worker] org.hibernate.orm.jpa                    : HHH008540: Processing PersistenceUnitInfo [name: default]
    2026-03-01T04:30:43.284-03:00  INFO 12496 --- [auth] [    Test worker] o.s.o.j.p.SpringPersistenceUnitInfo      : No LoadTimeWeaver setup: ignoring JPA class transformer
    2026-03-01T04:30:43.285-03:00  INFO 12496 --- [auth] [    Test worker] com.zaxxer.hikari.HikariDataSource       : HikariPool-4 - Starting...
    2026-03-01T04:30:43.287-03:00  INFO 12496 --- [auth] [    Test worker] com.zaxxer.hikari.pool.HikariPool        : HikariPool-4 - Added connection conn30: url=jdbc:h2:mem:testdb user=SA
    2026-03-01T04:30:43.287-03:00  INFO 12496 --- [auth] [    Test worker] com.zaxxer.hikari.HikariDataSource       : HikariPool-4 - Start completed.
    2026-03-01T04:30:43.287-03:00  WARN 12496 --- [auth] [    Test worker] org.hibernate.orm.deprecation            : HHH90000025: H2Dialect does not need to be specified explicitly using 'hibernate.dialect' (remove the property setting and it will be selected by default)
    2026-03-01T04:30:43.288-03:00  INFO 12496 --- [auth] [    Test worker] org.hibernate.orm.connections.pooling    : HHH10001005: Database info:
    	Database JDBC URL [jdbc:h2:mem:testdb]
    	Database driver: H2 JDBC Driver
    	Database dialect: H2Dialect
    	Database version: 2.4.240
    	Default catalog/schema: TESTDB/PUBLIC
    	Autocommit mode: undefined/unknown
    	Isolation level: READ_COMMITTED [default READ_COMMITTED]
    	JDBC fetch size: 100
    	Pool: DataSourceConnectionProvider
    	Minimum pool size: undefined/unknown
    	Maximum pool size: undefined/unknown
    2026-03-01T04:30:43.336-03:00  INFO 12496 --- [auth] [    Test worker] org.hibernate.orm.core                   : HHH000489: No JTA platform available (set 'hibernate.transaction.jta.platform' to enable JTA platform integration)
    2026-03-01T04:30:43.345-03:00  INFO 12496 --- [auth] [    Test worker] j.LocalContainerEntityManagerFactoryBean : Initialized JPA EntityManagerFactory for persistence unit 'default'
    2026-03-01T04:30:43.371-03:00  INFO 12496 --- [auth] [    Test worker] eAuthenticationProviderManagerConfigurer : Global AuthenticationManager configured with AuthenticationProvider bean with name authenticationProvider
    2026-03-01T04:30:43.371-03:00  WARN 12496 --- [auth] [    Test worker] r$InitializeUserDetailsManagerConfigurer : Global AuthenticationManager configured with an AuthenticationProvider bean. UserDetailsService beans will not be used by Spring Security for automatically configuring username/password login. Consider removing the AuthenticationProvider bean. Alternatively, consider using the UserDetailsService in a manually instantiated DaoAuthenticationProvider. If the current configuration is intentional, to turn off this warning, increase the logging level of 'org.springframework.security.config.annotation.authentication.configuration.InitializeUserDetailsBeanManagerConfigurer' to ERROR
    2026-03-01T04:30:43.403-03:00  WARN 12496 --- [auth] [    Test worker] JpaBaseConfiguration$JpaWebConfiguration : spring.jpa.open-in-view is enabled by default. Therefore, database queries may be performed during view rendering. Explicitly configure spring.jpa.open-in-view to disable this warning
    2026-03-01T04:30:43.453-03:00  INFO 12496 --- [auth] [    Test worker] o.s.b.w.a.WelcomePageHandlerMapping      : Adding welcome page: class path resource [static/index.html]
    2026-03-01T04:30:43.533-03:00  INFO 12496 --- [auth] [    Test worker] c.a.a.controller.PasswordControllerTest  : Started PasswordControllerTest in 0.653 seconds (process running for 10.547)

PasswordControllerTest > Deve retornar 200 ao solicitar reset administrativo STANDARD_OUT
    2026-03-01T04:30:43.605-03:00  INFO 12496 --- [auth] [    Test worker] o.s.b.t.m.w.SpringBootMockServletContext : Initializing Spring TestDispatcherServlet ''
    2026-03-01T04:30:43.606-03:00  INFO 12496 --- [auth] [    Test worker] o.s.t.web.servlet.TestDispatcherServlet  : Initializing Servlet ''
    2026-03-01T04:30:43.607-03:00  INFO 12496 --- [auth] [    Test worker] o.s.t.web.servlet.TestDispatcherServlet  : Completed initialization in 1 ms

PasswordControllerTest > Deve retornar 200 ao trocar senha de primeiro acesso STANDARD_OUT
    2026-03-01T04:30:43.628-03:00  INFO 12496 --- [auth] [    Test worker] o.s.b.t.m.w.SpringBootMockServletContext : Initializing Spring TestDispatcherServlet ''
    2026-03-01T04:30:43.628-03:00  INFO 12496 --- [auth] [    Test worker] o.s.t.web.servlet.TestDispatcherServlet  : Initializing Servlet ''
    2026-03-01T04:30:43.629-03:00  INFO 12496 --- [auth] [    Test worker] o.s.t.web.servlet.TestDispatcherServlet  : Completed initialization in 1 ms

RegisterControllerTest STANDARD_OUT
    2026-03-01T04:30:43.642-03:00  INFO 12496 --- [auth] [    Test worker] t.c.s.AnnotationConfigContextLoaderUtils : Could not detect default configuration classes for test class [com.auth.api.controller.RegisterControllerTest]: RegisterControllerTest does not declare any static, non-private, non-final, nested classes annotated with @Configuration.
    2026-03-01T04:30:43.643-03:00  INFO 12496 --- [auth] [    Test worker] .b.t.c.SpringBootTestContextBootstrapper : Found @SpringBootConfiguration com.auth.AuthApplication for test class com.auth.api.controller.RegisterControllerTest

      .   ____          _            __ _ _
     /\\ / ___'_ __ _ _(_)_ __  __ _ \ \ \ \
    ( ( )\___ | '_ | '_| | '_ \/ _` | \ \ \ \
     \\/  ___)| |_)| | | | | || (_| |  ) ) ) )
      '  |____| .__|_| |_|_| |_\__, | / / / /
     =========|_|==============|___/=/_/_/_/

     :: Spring Boot ::                (v4.0.2)

    2026-03-01T04:30:43.663-03:00  INFO 12496 --- [auth] [    Test worker] c.a.a.controller.RegisterControllerTest  : Starting RegisterControllerTest using Java 25.0.2 with PID 12496 (started by vinicius in C:\Users\vinicius\Desktop\spring-jwt-auth\backend\auth)
    2026-03-01T04:30:43.664-03:00  INFO 12496 --- [auth] [    Test worker] c.a.a.controller.RegisterControllerTest  : The following 1 profile is active: "test"
    2026-03-01T04:30:43.865-03:00  INFO 12496 --- [auth] [    Test worker] .s.d.r.c.RepositoryConfigurationDelegate : Bootstrapping Spring Data JPA repositories in DEFAULT mode.
    2026-03-01T04:30:43.896-03:00  INFO 12496 --- [auth] [    Test worker] .s.d.r.c.RepositoryConfigurationDelegate : Finished Spring Data repository scanning in 29 ms. Found 3 JPA repository interfaces.
    2026-03-01T04:30:44.018-03:00  INFO 12496 --- [auth] [    Test worker] org.hibernate.orm.jpa                    : HHH008540: Processing PersistenceUnitInfo [name: default]
    2026-03-01T04:30:44.039-03:00  INFO 12496 --- [auth] [    Test worker] o.s.o.j.p.SpringPersistenceUnitInfo      : No LoadTimeWeaver setup: ignoring JPA class transformer
    2026-03-01T04:30:44.041-03:00  INFO 12496 --- [auth] [    Test worker] com.zaxxer.hikari.HikariDataSource       : HikariPool-5 - Starting...
    2026-03-01T04:30:44.042-03:00  INFO 12496 --- [auth] [    Test worker] com.zaxxer.hikari.pool.HikariPool        : HikariPool-5 - Added connection conn40: url=jdbc:h2:mem:testdb user=SA
    2026-03-01T04:30:44.042-03:00  INFO 12496 --- [auth] [    Test worker] com.zaxxer.hikari.HikariDataSource       : HikariPool-5 - Start completed.
    2026-03-01T04:30:44.042-03:00  WARN 12496 --- [auth] [    Test worker] org.hibernate.orm.deprecation            : HHH90000025: H2Dialect does not need to be specified explicitly using 'hibernate.dialect' (remove the property setting and it will be selected by default)
    2026-03-01T04:30:44.043-03:00  INFO 12496 --- [auth] [    Test worker] org.hibernate.orm.connections.pooling    : HHH10001005: Database info:
    	Database JDBC URL [jdbc:h2:mem:testdb]
    	Database driver: H2 JDBC Driver
    	Database dialect: H2Dialect
    	Database version: 2.4.240
    	Default catalog/schema: TESTDB/PUBLIC
    	Autocommit mode: undefined/unknown
    	Isolation level: READ_COMMITTED [default READ_COMMITTED]
    	JDBC fetch size: 100
    	Pool: DataSourceConnectionProvider
    	Minimum pool size: undefined/unknown
    	Maximum pool size: undefined/unknown
    2026-03-01T04:30:44.089-03:00  INFO 12496 --- [auth] [    Test worker] org.hibernate.orm.core                   : HHH000489: No JTA platform available (set 'hibernate.transaction.jta.platform' to enable JTA platform integration)
    2026-03-01T04:30:44.097-03:00  INFO 12496 --- [auth] [    Test worker] j.LocalContainerEntityManagerFactoryBean : Initialized JPA EntityManagerFactory for persistence unit 'default'
    2026-03-01T04:30:44.120-03:00  INFO 12496 --- [auth] [    Test worker] eAuthenticationProviderManagerConfigurer : Global AuthenticationManager configured with AuthenticationProvider bean with name authenticationProvider
    2026-03-01T04:30:44.120-03:00  WARN 12496 --- [auth] [    Test worker] r$InitializeUserDetailsManagerConfigurer : Global AuthenticationManager configured with an AuthenticationProvider bean. UserDetailsService beans will not be used by Spring Security for automatically configuring username/password login. Consider removing the AuthenticationProvider bean. Alternatively, consider using the UserDetailsService in a manually instantiated DaoAuthenticationProvider. If the current configuration is intentional, to turn off this warning, increase the logging level of 'org.springframework.security.config.annotation.authentication.configuration.InitializeUserDetailsBeanManagerConfigurer' to ERROR
    2026-03-01T04:30:44.154-03:00  WARN 12496 --- [auth] [    Test worker] JpaBaseConfiguration$JpaWebConfiguration : spring.jpa.open-in-view is enabled by default. Therefore, database queries may be performed during view rendering. Explicitly configure spring.jpa.open-in-view to disable this warning
    2026-03-01T04:30:44.201-03:00  INFO 12496 --- [auth] [    Test worker] o.s.b.w.a.WelcomePageHandlerMapping      : Adding welcome page: class path resource [static/index.html]
    2026-03-01T04:30:44.276-03:00  INFO 12496 --- [auth] [    Test worker] c.a.a.controller.RegisterControllerTest  : Started RegisterControllerTest in 0.63 seconds (process running for 11.289)

RegisterControllerTest > POST /v1/user/register - Deve registrar novo usu├írio STANDARD_OUT
    2026-03-01T04:30:44.341-03:00  INFO 12496 --- [auth] [    Test worker] o.s.b.t.m.w.SpringBootMockServletContext : Initializing Spring TestDispatcherServlet ''
    2026-03-01T04:30:44.343-03:00  INFO 12496 --- [auth] [    Test worker] o.s.t.web.servlet.TestDispatcherServlet  : Initializing Servlet ''
    2026-03-01T04:30:44.343-03:00  INFO 12496 --- [auth] [    Test worker] o.s.t.web.servlet.TestDispatcherServlet  : Completed initialization in 0 ms

UserStatusControllerTest STANDARD_OUT
    2026-03-01T04:30:44.365-03:00  INFO 12496 --- [auth] [    Test worker] t.c.s.AnnotationConfigContextLoaderUtils : Could not detect default configuration classes for test class [com.auth.api.controller.UserStatusControllerTest]: UserStatusControllerTest does not declare any static, non-private, non-final, nested classes annotated with @Configuration.
    2026-03-01T04:30:44.365-03:00  INFO 12496 --- [auth] [    Test worker] .b.t.c.SpringBootTestContextBootstrapper : Found @SpringBootConfiguration com.auth.AuthApplication for test class com.auth.api.controller.UserStatusControllerTest

      .   ____          _            __ _ _
     /\\ / ___'_ __ _ _(_)_ __  __ _ \ \ \ \
    ( ( )\___ | '_ | '_| | '_ \/ _` | \ \ \ \
     \\/  ___)| |_)| | | | | || (_| |  ) ) ) )
      '  |____| .__|_| |_|_| |_\__, | / / / /
     =========|_|==============|___/=/_/_/_/

     :: Spring Boot ::                (v4.0.2)

    2026-03-01T04:30:44.385-03:00  INFO 12496 --- [auth] [    Test worker] c.a.a.c.UserStatusControllerTest         : Starting UserStatusControllerTest using Java 25.0.2 with PID 12496 (started by vinicius in C:\Users\vinicius\Desktop\spring-jwt-auth\backend\auth)
    2026-03-01T04:30:44.385-03:00  INFO 12496 --- [auth] [    Test worker] c.a.a.c.UserStatusControllerTest         : The following 1 profile is active: "test"
    2026-03-01T04:30:44.594-03:00  INFO 12496 --- [auth] [    Test worker] .s.d.r.c.RepositoryConfigurationDelegate : Bootstrapping Spring Data JPA repositories in DEFAULT mode.
    2026-03-01T04:30:44.632-03:00  INFO 12496 --- [auth] [    Test worker] .s.d.r.c.RepositoryConfigurationDelegate : Finished Spring Data repository scanning in 35 ms. Found 3 JPA repository interfaces.
    2026-03-01T04:30:44.811-03:00  INFO 12496 --- [auth] [    Test worker] org.hibernate.orm.jpa                    : HHH008540: Processing PersistenceUnitInfo [name: default]
    2026-03-01T04:30:44.834-03:00  INFO 12496 --- [auth] [    Test worker] o.s.o.j.p.SpringPersistenceUnitInfo      : No LoadTimeWeaver setup: ignoring JPA class transformer
    2026-03-01T04:30:44.835-03:00  INFO 12496 --- [auth] [    Test worker] com.zaxxer.hikari.HikariDataSource       : HikariPool-6 - Starting...
    2026-03-01T04:30:44.837-03:00  INFO 12496 --- [auth] [    Test worker] com.zaxxer.hikari.pool.HikariPool        : HikariPool-6 - Added connection conn50: url=jdbc:h2:mem:testdb user=SA
    2026-03-01T04:30:44.837-03:00  INFO 12496 --- [auth] [    Test worker] com.zaxxer.hikari.HikariDataSource       : HikariPool-6 - Start completed.
    2026-03-01T04:30:44.838-03:00  WARN 12496 --- [auth] [    Test worker] org.hibernate.orm.deprecation            : HHH90000025: H2Dialect does not need to be specified explicitly using 'hibernate.dialect' (remove the property setting and it will be selected by default)
    2026-03-01T04:30:44.838-03:00  INFO 12496 --- [auth] [    Test worker] org.hibernate.orm.connections.pooling    : HHH10001005: Database info:
    	Database JDBC URL [jdbc:h2:mem:testdb]
    	Database driver: H2 JDBC Driver
    	Database dialect: H2Dialect
    	Database version: 2.4.240
    	Default catalog/schema: TESTDB/PUBLIC
    	Autocommit mode: undefined/unknown
    	Isolation level: READ_COMMITTED [default READ_COMMITTED]
    	JDBC fetch size: 100
    	Pool: DataSourceConnectionProvider
    	Minimum pool size: undefined/unknown
    	Maximum pool size: undefined/unknown
    2026-03-01T04:30:44.888-03:00  INFO 12496 --- [auth] [    Test worker] org.hibernate.orm.core                   : HHH000489: No JTA platform available (set 'hibernate.transaction.jta.platform' to enable JTA platform integration)
    2026-03-01T04:30:44.898-03:00  INFO 12496 --- [auth] [    Test worker] j.LocalContainerEntityManagerFactoryBean : Initialized JPA EntityManagerFactory for persistence unit 'default'
    2026-03-01T04:30:44.920-03:00  INFO 12496 --- [auth] [    Test worker] eAuthenticationProviderManagerConfigurer : Global AuthenticationManager configured with AuthenticationProvider bean with name authenticationProvider
    2026-03-01T04:30:44.922-03:00  WARN 12496 --- [auth] [    Test worker] r$InitializeUserDetailsManagerConfigurer : Global AuthenticationManager configured with an AuthenticationProvider bean. UserDetailsService beans will not be used by Spring Security for automatically configuring username/password login. Consider removing the AuthenticationProvider bean. Alternatively, consider using the UserDetailsService in a manually instantiated DaoAuthenticationProvider. If the current configuration is intentional, to turn off this warning, increase the logging level of 'org.springframework.security.config.annotation.authentication.configuration.InitializeUserDetailsBeanManagerConfigurer' to ERROR
    2026-03-01T04:30:44.953-03:00  WARN 12496 --- [auth] [    Test worker] JpaBaseConfiguration$JpaWebConfiguration : spring.jpa.open-in-view is enabled by default. Therefore, database queries may be performed during view rendering. Explicitly configure spring.jpa.open-in-view to disable this warning
    2026-03-01T04:30:44.998-03:00  INFO 12496 --- [auth] [    Test worker] o.s.b.w.a.WelcomePageHandlerMapping      : Adding welcome page: class path resource [static/index.html]
    2026-03-01T04:30:45.075-03:00  INFO 12496 --- [auth] [    Test worker] c.a.a.c.UserStatusControllerTest         : Started UserStatusControllerTest in 0.706 seconds (process running for 12.088)

UserStatusControllerTest > Deve retornar 204 ao ativar usu├írio com sucesso STANDARD_OUT
    2026-03-01T04:30:45.144-03:00  INFO 12496 --- [auth] [    Test worker] o.s.b.t.m.w.SpringBootMockServletContext : Initializing Spring TestDispatcherServlet ''
    2026-03-01T04:30:45.145-03:00  INFO 12496 --- [auth] [    Test worker] o.s.t.web.servlet.TestDispatcherServlet  : Initializing Servlet ''
    2026-03-01T04:30:45.146-03:00  INFO 12496 --- [auth] [    Test worker] o.s.t.web.servlet.TestDispatcherServlet  : Completed initialization in 1 ms

UserStatusControllerTest > Deve retornar 204 ao desativar usu├írio com sucesso STANDARD_OUT
    2026-03-01T04:30:45.160-03:00  INFO 12496 --- [auth] [    Test worker] o.s.b.t.m.w.SpringBootMockServletContext : Initializing Spring TestDispatcherServlet ''
    2026-03-01T04:30:45.160-03:00  INFO 12496 --- [auth] [    Test worker] o.s.t.web.servlet.TestDispatcherServlet  : Initializing Servlet ''
    2026-03-01T04:30:45.161-03:00  INFO 12496 --- [auth] [    Test worker] o.s.t.web.servlet.TestDispatcherServlet  : Completed initialization in 1 ms

LoginUseCaseTest > Deve realizar login com sucesso e retornar tokens e metadados STANDARD_OUT
    2026-03-01T04:30:45.708-03:00  INFO 12496 --- [auth] [    Test worker] c.auth.application.usecase.LoginUseCase  : Usu├írio test@example.com autenticado com sucesso. Roles: [USER]

RefreshTokenRepositoryTest STANDARD_OUT
    2026-03-01T04:30:45.783-03:00  INFO 12496 --- [auth] [    Test worker] t.c.s.AnnotationConfigContextLoaderUtils : Could not detect default configuration classes for test class [com.auth.domain.repository.RefreshTokenRepositoryTest]: RefreshTokenRepositoryTest does not declare any static, non-private, non-final, nested classes annotated with @Configuration.
    2026-03-01T04:30:45.797-03:00  INFO 12496 --- [auth] [    Test worker] .b.t.c.SpringBootTestContextBootstrapper : Found @SpringBootConfiguration com.auth.AuthApplication for test class com.auth.domain.repository.RefreshTokenRepositoryTest

UserDataRepositoryTest STANDARD_OUT
    2026-03-01T04:30:45.846-03:00  INFO 12496 --- [auth] [    Test worker] t.c.s.AnnotationConfigContextLoaderUtils : Could not detect default configuration classes for test class [com.auth.domain.repository.UserDataRepositoryTest]: UserDataRepositoryTest does not declare any static, non-private, non-final, nested classes annotated with @Configuration.
    2026-03-01T04:30:45.847-03:00  INFO 12496 --- [auth] [    Test worker] .b.t.c.SpringBootTestContextBootstrapper : Found @SpringBootConfiguration com.auth.AuthApplication for test class com.auth.domain.repository.UserDataRepositoryTest

UserRepositoryTest STANDARD_OUT
    2026-03-01T04:30:45.888-03:00  INFO 12496 --- [auth] [    Test worker] t.c.s.AnnotationConfigContextLoaderUtils : Could not detect default configuration classes for test class [com.auth.domain.repository.UserRepositoryTest]: UserRepositoryTest does not declare any static, non-private, non-final, nested classes annotated with @Configuration.
    2026-03-01T04:30:45.890-03:00  INFO 12496 --- [auth] [    Test worker] .b.t.c.SpringBootTestContextBootstrapper : Found @SpringBootConfiguration com.auth.AuthApplication for test class com.auth.domain.repository.UserRepositoryTest

AuthE2ETest STANDARD_OUT
    2026-03-01T04:30:45.907-03:00  INFO 12496 --- [auth] [    Test worker] t.c.s.AnnotationConfigContextLoaderUtils : Could not detect default configuration classes for test class [com.auth.e2e.AuthE2ETest]: AuthE2ETest does not declare any static, non-private, non-final, nested classes annotated with @Configuration.
    2026-03-01T04:30:45.920-03:00  INFO 12496 --- [auth] [    Test worker] .b.t.c.SpringBootTestContextBootstrapper : Found @SpringBootConfiguration com.auth.AuthApplication for test class com.auth.e2e.AuthE2ETest

AuthE2ETest > Fluxo de Administra├º├úo: Listagem -> Desativa├º├úo -> Tentativa de Login -> Ativa├º├úo -> Atualiza├º├úo de Perfil STANDARD_OUT
    2026-03-01T04:30:45.928-03:00  INFO 12496 --- [auth] [    Test worker] o.s.b.t.m.w.SpringBootMockServletContext : Initializing Spring TestDispatcherServlet ''
    2026-03-01T04:30:45.928-03:00  INFO 12496 --- [auth] [    Test worker] o.s.t.web.servlet.TestDispatcherServlet  : Initializing Servlet ''
    2026-03-01T04:30:45.929-03:00  INFO 12496 --- [auth] [    Test worker] o.s.t.web.servlet.TestDispatcherServlet  : Completed initialization in 1 ms
    2026-03-01T04:30:46.132-03:00  INFO 12496 --- [auth] [    Test worker] c.auth.application.usecase.LoginUseCase  : Usu├írio admin-mgmt@auth.com autenticado com sucesso. Roles: [ADMIN]
    2026-03-01T04:30:46.409-03:00 ERROR 12496 --- [auth] [    Test worker] c.a.i.e.handler.HttpExceptionHandler     : Falha de autentica├º├úo: User account is locked

AuthE2ETest > Fluxo de Perfil: Atualiza├º├úo de campos de metadados (cargo, regime, registro) STANDARD_OUT
    2026-03-01T04:30:46.441-03:00  INFO 12496 --- [auth] [    Test worker] o.s.b.t.m.w.SpringBootMockServletContext : Initializing Spring TestDispatcherServlet ''
    2026-03-01T04:30:46.441-03:00  INFO 12496 --- [auth] [    Test worker] o.s.t.web.servlet.TestDispatcherServlet  : Initializing Servlet ''
    2026-03-01T04:30:46.442-03:00  INFO 12496 --- [auth] [    Test worker] o.s.t.web.servlet.TestDispatcherServlet  : Completed initialization in 1 ms
    2026-03-01T04:30:46.563-03:00  INFO 12496 --- [auth] [    Test worker] c.auth.application.usecase.LoginUseCase  : Usu├írio profile-update@auth.com autenticado com sucesso. Roles: [USER]
    2026-03-01T04:30:46.680-03:00  INFO 12496 --- [auth] [    Test worker] c.auth.application.usecase.LoginUseCase  : Usu├írio admin-mgmt@auth.com autenticado com sucesso. Roles: [ADMIN]

AuthE2ETest > Fluxo de Seguran├ºa: Admin Reset -> Login -> First Change STANDARD_OUT
    2026-03-01T04:30:46.701-03:00  INFO 12496 --- [auth] [    Test worker] o.s.b.t.m.w.SpringBootMockServletContext : Initializing Spring TestDispatcherServlet ''
    2026-03-01T04:30:46.701-03:00  INFO 12496 --- [auth] [    Test worker] o.s.t.web.servlet.TestDispatcherServlet  : Initializing Servlet ''
    2026-03-01T04:30:46.701-03:00  INFO 12496 --- [auth] [    Test worker] o.s.t.web.servlet.TestDispatcherServlet  : Completed initialization in 0 ms
    2026-03-01T04:30:46.819-03:00  INFO 12496 --- [auth] [    Test worker] c.auth.application.usecase.LoginUseCase  : Usu├írio admin-e2e@auth.com autenticado com sucesso. Roles: [ADMIN]
    2026-03-01T04:30:47.005-03:00  INFO 12496 --- [auth] [    Test worker] c.auth.application.usecase.LoginUseCase  : Usu├írio to-reset@example.com autenticado com sucesso. Roles: [USER]
    2026-03-01T04:30:47.128-03:00  INFO 12496 --- [auth] [    Test worker] c.auth.application.usecase.LoginUseCase  : Usu├írio to-reset@example.com autenticado com sucesso. Roles: [USER]

AuthE2ETest > Fluxo Completo: Registro -> Login com Senha Tempor├íria -> Troca Senha -> Login Final -> Profile -> Refresh -> Profile STANDARD_OUT
    2026-03-01T04:30:47.135-03:00  INFO 12496 --- [auth] [    Test worker] o.s.b.t.m.w.SpringBootMockServletContext : Initializing Spring TestDispatcherServlet ''
    2026-03-01T04:30:47.136-03:00  INFO 12496 --- [auth] [    Test worker] o.s.t.web.servlet.TestDispatcherServlet  : Initializing Servlet ''
    2026-03-01T04:30:47.136-03:00  INFO 12496 --- [auth] [    Test worker] o.s.t.web.servlet.TestDispatcherServlet  : Completed initialization in 0 ms
    2026-03-01T04:30:47.252-03:00  INFO 12496 --- [auth] [    Test worker] c.auth.application.usecase.LoginUseCase  : Usu├írio admin-boot@auth.com autenticado com sucesso. Roles: [ADMIN]
    2026-03-01T04:30:47.369-03:00  INFO 12496 --- [auth] [    Test worker] c.auth.application.usecase.LoginUseCase  : Usu├írio e2e@example.com autenticado com sucesso. Roles: [USER]
    2026-03-01T04:30:47.487-03:00  INFO 12496 --- [auth] [    Test worker] c.auth.application.usecase.LoginUseCase  : Usu├írio e2e@example.com autenticado com sucesso. Roles: [USER]

RateLimitingFilterTest > Deve bloquear requisi├º├Áes que excedem o limite STANDARD_OUT
    2026-03-01T04:30:47.621-03:00  WARN 12496 --- [auth] [    Test worker] c.a.i.s.filter.RateLimitingFilter        : Rate limit excedido para o IP: 1.2.3.5 na rota: /v1/user/login

Gradle Test Executor 11 finished executing tests.
2026-03-01T04:30:47.648-03:00  INFO 12496 --- [auth] [ionShutdownHook] j.LocalContainerEntityManagerFactoryBean : Closing JPA EntityManagerFactory for persistence unit 'default'
2026-03-01T04:30:47.651-03:00  INFO 12496 --- [auth] [ionShutdownHook] com.zaxxer.hikari.HikariDataSource       : HikariPool-1 - Shutdown initiated...
2026-03-01T04:30:47.653-03:00  INFO 12496 --- [auth] [ionShutdownHook] com.zaxxer.hikari.HikariDataSource       : HikariPool-1 - Shutdown completed.
2026-03-01T04:30:47.655-03:00  INFO 12496 --- [auth] [ionShutdownHook] j.LocalContainerEntityManagerFactoryBean : Closing JPA EntityManagerFactory for persistence unit 'default'
2026-03-01T04:30:47.656-03:00  INFO 12496 --- [auth] [ionShutdownHook] com.zaxxer.hikari.HikariDataSource       : HikariPool-2 - Shutdown initiated...
2026-03-01T04:30:47.656-03:00  INFO 12496 --- [auth] [ionShutdownHook] com.zaxxer.hikari.HikariDataSource       : HikariPool-2 - Shutdown completed.
2026-03-01T04:30:47.659-03:00  INFO 12496 --- [auth] [ionShutdownHook] j.LocalContainerEntityManagerFactoryBean : Closing JPA EntityManagerFactory for persistence unit 'default'
2026-03-01T04:30:47.660-03:00  INFO 12496 --- [auth] [ionShutdownHook] com.zaxxer.hikari.HikariDataSource       : HikariPool-3 - Shutdown initiated...
2026-03-01T04:30:47.660-03:00  INFO 12496 --- [auth] [ionShutdownHook] com.zaxxer.hikari.HikariDataSource       : HikariPool-3 - Shutdown completed.
2026-03-01T04:30:47.661-03:00  INFO 12496 --- [auth] [ionShutdownHook] j.LocalContainerEntityManagerFactoryBean : Closing JPA EntityManagerFactory for persistence unit 'default'
2026-03-01T04:30:47.663-03:00  INFO 12496 --- [auth] [ionShutdownHook] com.zaxxer.hikari.HikariDataSource       : HikariPool-4 - Shutdown initiated...
2026-03-01T04:30:47.663-03:00  INFO 12496 --- [auth] [ionShutdownHook] com.zaxxer.hikari.HikariDataSource       : HikariPool-4 - Shutdown completed.
2026-03-01T04:30:47.664-03:00  INFO 12496 --- [auth] [ionShutdownHook] j.LocalContainerEntityManagerFactoryBean : Closing JPA EntityManagerFactory for persistence unit 'default'
2026-03-01T04:30:47.665-03:00  INFO 12496 --- [auth] [ionShutdownHook] com.zaxxer.hikari.HikariDataSource       : HikariPool-5 - Shutdown initiated...
2026-03-01T04:30:47.665-03:00  INFO 12496 --- [auth] [ionShutdownHook] com.zaxxer.hikari.HikariDataSource       : HikariPool-5 - Shutdown completed.
2026-03-01T04:30:47.666-03:00  INFO 12496 --- [auth] [ionShutdownHook] j.LocalContainerEntityManagerFactoryBean : Closing JPA EntityManagerFactory for persistence unit 'default'
2026-03-01T04:30:47.667-03:00  INFO 12496 --- [auth] [ionShutdownHook] com.zaxxer.hikari.HikariDataSource       : HikariPool-6 - Shutdown initiated...
2026-03-01T04:30:47.667-03:00  INFO 12496 --- [auth] [ionShutdownHook] com.zaxxer.hikari.HikariDataSource       : HikariPool-6 - Shutdown completed.

> Task :auth:test
Generating HTML test report...
Finished generating test html results (0.026 secs) into: C:\Users\vinicius\Desktop\spring-jwt-auth\backend\auth\build\reports\tests\test
Finished generating test XML results (0.018 secs) into: C:\Users\vinicius\Desktop\spring-jwt-auth\backend\auth\build\test-results\test

[Incubating] Problems report is available at: file:///C:/Users/vinicius/Desktop/spring-jwt-auth/backend/build/reports/problems/problems-report.html

BUILD SUCCESSFUL in 18s
5 actionable tasks: 3 executed, 2 up-to-date
Watched directory hierarchies: [C:\Users\vinicius\Desktop\spring-jwt-auth\backend]
Consider enabling configuration cache to speed up this build: https://docs.gradle.org/9.3.0/userguide/configuration_cache_enabling.html
